// Jest Snapshot v1, https://goo.gl/fbAQLP

exports[`Overlay snapshot 1`] = `
<div
  className="overlay"
>
  Mewo Meow
</div>
`;
